2025-09-12T17:07:14.402595 - train_loss: 0.6288973045251608 (step 0)
2025-09-12T17:07:14.402719 - train_acc: 67.95868275721007 (step 0)
2025-09-12T17:07:14.402760 - val_loss: 0.5587812918714143 (step 0)
2025-09-12T17:07:14.402790 - val_acc: 0.7306242144951822 (step 0)
2025-09-12T17:07:14.402817 - val_f1: 0.7241371540769754 (step 0)
2025-09-12T17:31:35.890342 - train_loss: 0.5009548363022521 (step 1)
2025-09-12T17:31:35.890964 - train_acc: 78.29822049498875 (step 1)
2025-09-12T17:31:35.891011 - val_loss: 0.48791980840752475 (step 1)
2025-09-12T17:31:35.891047 - val_acc: 0.7800586510263929 (step 1)
2025-09-12T17:31:35.891082 - val_f1: 0.7738933012662979 (step 1)
2025-09-12T17:55:49.604381 - train_loss: 0.3920051567698305 (step 2)
2025-09-12T17:55:49.608375 - train_acc: 84.7514829208427 (step 2)
2025-09-12T17:55:49.608415 - val_loss: 0.46109945127362983 (step 2)
2025-09-12T17:55:49.608449 - val_acc: 0.7984918307498953 (step 2)
2025-09-12T17:55:49.608480 - val_f1: 0.7944535047174837 (step 2)
2025-09-12T18:20:12.781117 - train_loss: 0.29447846968328784 (step 3)
2025-09-12T18:20:12.787385 - train_acc: 89.23092656985068 (step 3)
2025-09-12T18:20:12.787446 - val_loss: 0.4852676473595389 (step 3)
2025-09-12T18:20:12.787500 - val_acc: 0.7938835358190197 (step 3)
2025-09-12T18:20:12.787550 - val_f1: 0.7874425960200426 (step 3)
2025-09-12T18:43:22.784472 - train_loss: 0.21806280222056712 (step 4)
2025-09-12T18:43:22.786664 - train_acc: 92.32971977909592 (step 4)
2025-09-12T18:43:22.786710 - val_loss: 0.5111297319176759 (step 4)
2025-09-12T18:43:22.786745 - val_acc: 0.8043569333891915 (step 4)
2025-09-12T18:43:22.786780 - val_f1: 0.8021832721550138 (step 4)
2025-09-12T19:07:15.839088 - train_loss: 0.15923594781073813 (step 5)
2025-09-12T19:07:15.843043 - train_acc: 94.54898752301084 (step 5)
2025-09-12T19:07:15.843084 - val_loss: 0.6489900553246439 (step 5)
2025-09-12T19:07:15.843117 - val_acc: 0.7725178047758693 (step 5)
2025-09-12T19:07:15.843148 - val_f1: 0.7751733346354485 (step 5)
2025-09-12T19:31:38.696134 - train_loss: 0.11597698441038103 (step 6)
2025-09-12T19:31:38.696733 - train_acc: 96.17508692984251 (step 6)
2025-09-12T19:31:38.696778 - val_loss: 0.6369192386950855 (step 6)
2025-09-12T19:31:38.696812 - val_acc: 0.7875994972769166 (step 6)
2025-09-12T19:31:38.696851 - val_f1: 0.788214861625497 (step 6)
2025-09-12T19:55:16.254952 - train_loss: 0.07965418957173824 (step 7)
2025-09-12T19:55:16.255688 - train_acc: 97.65800777255062 (step 7)
2025-09-12T19:55:16.255733 - val_loss: 0.6567351725592061 (step 7)
2025-09-12T19:55:16.255767 - val_acc: 0.7875994972769166 (step 7)
2025-09-12T19:55:16.255798 - val_f1: 0.7870266703213215 (step 7)
