2025-09-18T03:04:50.541552 - train_loss: 0.6265311875179702 (step 0)
2025-09-18T03:04:50.541623 - train_acc: 64.70828859231989 (step 0)
2025-09-18T03:04:50.541653 - val_loss: 0.5929446566104889 (step 0)
2025-09-18T03:04:50.541677 - val_acc: 0.6790950984499372 (step 0)
2025-09-18T03:04:50.541701 - val_f1: 0.6770403757013282 (step 0)
2025-09-18T03:05:01.363119 - train_loss: 0.5773414998175272 (step 1)
2025-09-18T03:05:01.363205 - train_acc: 70.19992841437848 (step 1)
2025-09-18T03:05:01.363235 - val_loss: 0.5749965560436249 (step 1)
2025-09-18T03:05:01.363258 - val_acc: 0.6966904063678258 (step 1)
2025-09-18T03:05:01.363280 - val_f1: 0.6971860262757588 (step 1)
2025-09-18T03:05:10.859209 - train_loss: 0.559530092269377 (step 2)
2025-09-18T03:05:10.859280 - train_acc: 71.80549163982207 (step 2)
2025-09-18T03:05:10.859306 - val_loss: 0.5711232765515646 (step 2)
2025-09-18T03:05:10.859329 - val_acc: 0.6992040217846669 (step 2)
2025-09-18T03:05:10.859351 - val_f1: 0.7010949552191529 (step 2)
2025-09-18T03:05:21.543253 - train_loss: 0.5414574024042272 (step 3)
2025-09-18T03:05:21.543313 - train_acc: 73.18607148335634 (step 3)
2025-09-18T03:05:21.543338 - val_loss: 0.5688180267810822 (step 3)
2025-09-18T03:05:21.543361 - val_acc: 0.7033933808127356 (step 3)
2025-09-18T03:05:21.543384 - val_f1: 0.7058292900008781 (step 3)
2025-09-18T03:05:36.029107 - train_loss: 0.5284489993176429 (step 4)
2025-09-18T03:05:36.029208 - train_acc: 73.86613488776398 (step 4)
2025-09-18T03:05:36.029253 - val_loss: 0.5692043598492941 (step 4)
2025-09-18T03:05:36.029277 - val_acc: 0.7029744449099288 (step 4)
2025-09-18T03:05:36.029299 - val_f1: 0.705625368902313 (step 4)
2025-09-18T03:05:45.279955 - train_loss: 0.5210513568976346 (step 5)
2025-09-18T03:05:45.280013 - train_acc: 74.57176458557038 (step 5)
2025-09-18T03:05:45.280039 - val_loss: 0.5648197158177694 (step 5)
2025-09-18T03:05:45.280062 - val_acc: 0.708839547549225 (step 5)
2025-09-18T03:05:45.280084 - val_f1: 0.7093406413883813 (step 5)
2025-09-18T03:06:07.772468 - train_loss: 0.5088345905631976 (step 6)
2025-09-18T03:06:07.773218 - train_acc: 75.30807383545533 (step 6)
2025-09-18T03:06:07.773257 - val_loss: 0.5668237924575805 (step 6)
2025-09-18T03:06:07.773282 - val_acc: 0.7059069962295769 (step 6)
2025-09-18T03:06:07.773304 - val_f1: 0.7075646879305832 (step 6)
2025-09-18T03:06:16.973340 - train_loss: 0.500575239337932 (step 7)
2025-09-18T03:06:16.973425 - train_acc: 75.83985273815003 (step 7)
2025-09-18T03:06:16.973469 - val_loss: 0.5715928367773692 (step 7)
2025-09-18T03:06:16.973508 - val_acc: 0.7113531629660662 (step 7)
2025-09-18T03:06:16.973544 - val_f1: 0.7137949157894004 (step 7)
2025-09-18T03:06:32.984408 - train_loss: 0.49065372338092406 (step 8)
2025-09-18T03:06:32.984489 - train_acc: 76.6324078335123 (step 8)
2025-09-18T03:06:32.984519 - val_loss: 0.5720303229490916 (step 8)
2025-09-18T03:06:32.984543 - val_acc: 0.7126099706744868 (step 8)
2025-09-18T03:06:32.984566 - val_f1: 0.7143432454718207 (step 8)
2025-09-18T03:06:41.754862 - train_loss: 0.48377208056208354 (step 9)
2025-09-18T03:06:41.754951 - train_acc: 77.10794089072967 (step 9)
2025-09-18T03:06:41.754996 - val_loss: 0.5757518966992696 (step 9)
2025-09-18T03:06:41.755029 - val_acc: 0.7105152911604524 (step 9)
2025-09-18T03:06:41.755062 - val_f1: 0.7126296610781465 (step 9)
