2025-09-17T15:44:05.978762 - train_loss: 0.6056181277234131 (step 0)
2025-09-17T15:44:05.979067 - train_acc: 67.0757273610472 (step 0)
2025-09-17T15:44:05.979108 - val_loss: 0.5775642722446385 (step 0)
2025-09-17T15:44:05.979139 - val_acc: 0.6916631755341432 (step 0)
2025-09-17T15:44:05.979168 - val_f1: 0.6932752745434623 (step 0)
2025-09-17T15:44:58.323049 - train_loss: 0.5552939493902378 (step 1)
2025-09-17T15:44:58.323540 - train_acc: 72.1889860408038 (step 1)
2025-09-17T15:44:58.323589 - val_loss: 0.5760775662485174 (step 1)
2025-09-17T15:44:58.323624 - val_acc: 0.7029744449099288 (step 1)
2025-09-17T15:44:58.323664 - val_f1: 0.7050409351836616 (step 1)
2025-09-17T15:45:41.171475 - train_loss: 0.537241040788789 (step 2)
2025-09-17T15:45:41.171928 - train_acc: 73.70762386869151 (step 2)
2025-09-17T15:45:41.171974 - val_loss: 0.5773550963471565 (step 2)
2025-09-17T15:45:41.172010 - val_acc: 0.7071638039379975 (step 2)
2025-09-17T15:45:41.172042 - val_f1: 0.7086745409298277 (step 2)
2025-09-17T15:45:59.072025 - train_loss: 0.5201690908193832 (step 3)
2025-09-17T15:45:59.072209 - train_acc: 75.042184384108 (step 3)
2025-09-17T15:45:59.072259 - val_loss: 0.5829496857115257 (step 3)
2025-09-17T15:45:59.072296 - val_acc: 0.7134478424801005 (step 3)
2025-09-17T15:45:59.072327 - val_f1: 0.7154582911482462 (step 3)
2025-09-17T15:46:43.443576 - train_loss: 0.5027009342300014 (step 4)
2025-09-17T15:46:43.446633 - train_acc: 76.2795929846091 (step 4)
2025-09-17T15:46:43.447024 - val_loss: 0.5886790056940305 (step 4)
2025-09-17T15:46:43.447075 - val_acc: 0.7147046501885211 (step 4)
2025-09-17T15:46:43.447114 - val_f1: 0.7164436669173413 (step 4)
2025-09-17T15:46:59.362400 - train_loss: 0.4890529016074715 (step 5)
2025-09-17T15:46:59.362721 - train_acc: 77.0107889758143 (step 5)
2025-09-17T15:46:59.362782 - val_loss: 0.5865771592062053 (step 5)
2025-09-17T15:46:59.362822 - val_acc: 0.7100963552576456 (step 5)
2025-09-17T15:46:59.362860 - val_f1: 0.7127221185208513 (step 5)
2025-09-17T15:47:14.820578 - train_loss: 0.46925616523970853 (step 6)
2025-09-17T15:47:14.820959 - train_acc: 78.21751802423685 (step 6)
2025-09-17T15:47:14.821037 - val_loss: 0.592449670202756 (step 6)
2025-09-17T15:47:14.821075 - val_acc: 0.711772098868873 (step 6)
2025-09-17T15:47:14.821108 - val_f1: 0.7135474450738555 (step 6)
