2025-09-12T11:53:54.438206 - train_loss: 0.621153417503907 (step 0)
2025-09-12T11:53:54.438318 - train_acc: 65.81100429535692 (step 0)
2025-09-12T11:53:54.438362 - val_loss: 0.5901622705323812 (step 0)
2025-09-12T11:53:54.438394 - val_acc: 0.6857980728948471 (step 0)
2025-09-12T11:53:54.438423 - val_f1: 0.6874408368309737 (step 0)
2025-09-12T11:54:08.310533 - train_loss: 0.5692166954218001 (step 1)
2025-09-12T11:54:08.310873 - train_acc: 70.62794027408468 (step 1)
2025-09-12T11:54:08.311037 - val_loss: 0.5815204361974694 (step 1)
2025-09-12T11:54:08.311136 - val_acc: 0.6920821114369502 (step 1)
2025-09-12T11:54:08.311249 - val_f1: 0.6956712659709667 (step 1)
2025-09-12T11:54:28.516563 - train_loss: 0.5418505407367016 (step 2)
2025-09-12T11:54:28.516937 - train_acc: 72.93925138065045 (step 2)
2025-09-12T11:54:28.516997 - val_loss: 0.5675469412775694 (step 2)
2025-09-12T11:54:28.517056 - val_acc: 0.7080016757436113 (step 2)
2025-09-12T11:54:28.517101 - val_f1: 0.7103249777712465 (step 2)
2025-09-12T11:54:48.276540 - train_loss: 0.5169899997733731 (step 3)
2025-09-12T11:54:48.276851 - train_acc: 75.34260584986704 (step 3)
2025-09-12T11:54:48.276899 - val_loss: 0.5673504753765249 (step 3)
2025-09-12T11:54:48.276935 - val_acc: 0.7071638039379975 (step 3)
2025-09-12T11:54:48.276968 - val_f1: 0.7076677817704725 (step 3)
2025-09-12T11:55:04.484981 - train_loss: 0.4990882001268717 (step 4)
2025-09-12T11:55:04.485276 - train_acc: 75.97668234812845 (step 4)
2025-09-12T11:55:04.485325 - val_loss: 0.5697325663687896 (step 4)
2025-09-12T11:55:04.485372 - val_acc: 0.7038123167155426 (step 4)
2025-09-12T11:55:04.485417 - val_f1: 0.7061996167334285 (step 4)
2025-09-12T11:55:18.683359 - train_loss: 0.4801869693694061 (step 5)
2025-09-12T11:55:18.683677 - train_acc: 77.3880139087748 (step 5)
2025-09-12T11:55:18.683728 - val_loss: 0.5809860473352062 (step 5)
2025-09-12T11:55:18.683766 - val_acc: 0.7050691244239631 (step 5)
2025-09-12T11:55:18.683804 - val_f1: 0.7075207064508409 (step 5)
