2025-09-15T20:03:52.452727 - train_loss: 0.6485783380385801 (step 0)
2025-09-15T20:03:52.452854 - train_acc: 69.29842503579464 (step 0)
2025-09-15T20:03:52.452897 - val_loss: 0.6053182743240142 (step 0)
2025-09-15T20:03:52.452936 - val_acc: 0.6992040217846669 (step 0)
2025-09-15T20:03:52.452972 - val_f1: 0.7007348360917641 (step 0)
2025-09-15T20:04:09.346688 - train_loss: 0.6201965409447201 (step 1)
2025-09-15T20:04:09.347002 - train_acc: 73.86991204745347 (step 1)
2025-09-15T20:04:09.347061 - val_loss: 0.6803252505453637 (step 1)
2025-09-15T20:04:09.347105 - val_acc: 0.7075827398408043 (step 1)
2025-09-15T20:04:09.347144 - val_f1: 0.7095296645879807 (step 1)
2025-09-15T20:04:27.129103 - train_loss: 0.5842592668091566 (step 2)
2025-09-15T20:04:27.129462 - train_acc: 77.65391695643281 (step 2)
2025-09-15T20:04:27.129519 - val_loss: 0.7474641086957987 (step 2)
2025-09-15T20:04:27.129562 - val_acc: 0.7067448680351907 (step 2)
2025-09-15T20:04:27.129601 - val_f1: 0.7091532528257269 (step 2)
2025-09-15T20:04:50.913954 - train_loss: 0.5023817704242258 (step 3)
2025-09-15T20:04:50.920344 - train_acc: 82.37880957250971 (step 3)
2025-09-15T20:04:50.920414 - val_loss: 0.9107145912839191 (step 3)
2025-09-15T20:04:50.920454 - val_acc: 0.7126099706744868 (step 3)
2025-09-15T20:04:50.920488 - val_f1: 0.7131294594271907 (step 3)
2025-09-15T20:05:24.137368 - train_loss: 0.41142247825972006 (step 4)
2025-09-15T20:05:24.138523 - train_acc: 86.69462057680508 (step 4)
2025-09-15T20:05:24.138587 - val_loss: 1.2560496593145358 (step 4)
2025-09-15T20:05:24.138625 - val_acc: 0.6937578550481777 (step 4)
2025-09-15T20:05:24.138659 - val_f1: 0.6972474554690261 (step 4)
2025-09-15T20:05:50.266124 - train_loss: 0.26855377816989856 (step 5)
2025-09-15T20:05:50.266495 - train_acc: 91.32746983023114 (step 5)
2025-09-15T20:05:50.266554 - val_loss: 1.4488302737718095 (step 5)
2025-09-15T20:05:50.266591 - val_acc: 0.7012987012987013 (step 5)
2025-09-15T20:05:50.266625 - val_f1: 0.7024923918300626 (step 5)
2025-09-15T20:06:24.728737 - train_loss: 0.23206689322064608 (step 6)
2025-09-15T20:06:24.729160 - train_acc: 93.15811004295357 (step 6)
2025-09-15T20:06:24.729212 - val_loss: 1.595761305132602 (step 6)
2025-09-15T20:06:24.729247 - val_acc: 0.702136573104315 (step 6)
2025-09-15T20:06:24.729277 - val_f1: 0.7029509030124332 (step 6)
