2025-09-16T00:05:55.607415 - train_loss: 0.5968573918920353 (step 0)
2025-09-16T00:05:55.607522 - train_acc: 69.24728983432195 (step 0)
2025-09-16T00:05:55.607565 - val_loss: 0.6076959954633985 (step 0)
2025-09-16T00:05:55.607595 - val_acc: 0.6954335986594051 (step 0)
2025-09-16T00:05:55.607624 - val_f1: 0.6979501333505401 (step 0)
2025-09-16T00:30:26.862880 - train_loss: 0.5466240046260181 (step 1)
2025-09-16T00:30:26.863176 - train_acc: 73.89036612804254 (step 1)
2025-09-16T00:30:26.863320 - val_loss: 0.6356699090120281 (step 1)
2025-09-16T00:30:26.863392 - val_acc: 0.6883116883116883 (step 1)
2025-09-16T00:30:26.863429 - val_f1: 0.6919417670356344 (step 1)
2025-09-16T00:54:47.993380 - train_loss: 0.5036106591438589 (step 2)
2025-09-16T00:54:47.993991 - train_acc: 76.85620781345878 (step 2)
2025-09-16T00:54:47.994067 - val_loss: 0.6944274267390794 (step 2)
2025-09-16T00:54:47.994104 - val_acc: 0.6920821114369502 (step 2)
2025-09-16T00:54:47.994137 - val_f1: 0.6681293958745015 (step 2)
2025-09-16T01:19:13.893876 - train_loss: 0.428717667371766 (step 3)
2025-09-16T01:19:13.894145 - train_acc: 81.32542442217222 (step 3)
2025-09-16T01:19:13.894196 - val_loss: 0.7765982161982724 (step 3)
2025-09-16T01:19:13.894231 - val_acc: 0.7092584834520318 (step 3)
2025-09-16T01:19:13.894264 - val_f1: 0.7101243818287386 (step 3)
2025-09-16T01:43:34.119296 - train_loss: 0.33399026294796896 (step 4)
2025-09-16T01:43:34.121766 - train_acc: 86.02986295766006 (step 4)
2025-09-16T01:43:34.121815 - val_loss: 0.9843208802303524 (step 4)
2025-09-16T01:43:34.121852 - val_acc: 0.7033933808127356 (step 4)
2025-09-16T01:43:34.121883 - val_f1: 0.7042767468800387 (step 4)
2025-09-16T02:07:58.745050 - train_loss: 0.19131032142546295 (step 5)
2025-09-16T02:07:58.746114 - train_acc: 91.91041112701984 (step 5)
2025-09-16T02:07:58.746161 - val_loss: 1.2335260544328301 (step 5)
2025-09-16T02:07:58.746195 - val_acc: 0.7012987012987013 (step 5)
2025-09-16T02:07:58.746227 - val_f1: 0.700106347496468 (step 5)
2025-09-16T02:32:34.859610 - train_loss: 0.16124709574929447 (step 6)
2025-09-16T02:32:34.861669 - train_acc: 93.57741869502966 (step 6)
2025-09-16T02:32:34.861716 - val_loss: 1.3632375742272476 (step 6)
2025-09-16T02:32:34.861752 - val_acc: 0.6992040217846669 (step 6)
2025-09-16T02:32:34.861783 - val_f1: 0.6979700350640453 (step 6)
