2025-09-16T15:06:48.868001 - train_loss: 0.5763812545618396 (step 0)
2025-09-16T15:06:48.868225 - train_acc: 71.45633053794232 (step 0)
2025-09-16T15:06:48.868261 - val_loss: 0.554185969595933 (step 0)
2025-09-16T15:06:48.868289 - val_acc: 0.7356514453288647 (step 0)
2025-09-16T15:06:48.868316 - val_f1: 0.7301807564080282 (step 0)
2025-09-16T15:33:50.696324 - train_loss: 0.4824502354796313 (step 1)
2025-09-16T15:33:50.696891 - train_acc: 79.61750869298425 (step 1)
2025-09-16T15:33:50.696940 - val_loss: 0.6329097619819981 (step 1)
2025-09-16T15:33:50.696979 - val_acc: 0.7536656891495601 (step 1)
2025-09-16T15:33:50.697013 - val_f1: 0.7565177751107611 (step 1)
2025-09-16T16:01:49.090862 - train_loss: 0.4510051717836951 (step 2)
2025-09-16T16:01:49.091408 - train_acc: 85.20147269380242 (step 2)
2025-09-16T16:01:49.091453 - val_loss: 0.8106558074054606 (step 2)
2025-09-16T16:01:49.091488 - val_acc: 0.7674905739421869 (step 2)
2025-09-16T16:01:49.091520 - val_f1: 0.7697905434990132 (step 2)
2025-09-16T16:29:31.602483 - train_loss: 0.3621805450220065 (step 3)
2025-09-16T16:29:31.604183 - train_acc: 90.27408467989363 (step 3)
2025-09-16T16:29:31.604242 - val_loss: 0.8817743878824078 (step 3)
2025-09-16T16:29:31.604279 - val_acc: 0.7955592794302472 (step 3)
2025-09-16T16:29:31.604312 - val_f1: 0.7972787709812383 (step 3)
2025-09-16T16:55:51.647427 - train_loss: 0.2562681000871138 (step 4)
2025-09-16T16:55:51.648138 - train_acc: 94.12967887093475 (step 4)
2025-09-16T16:55:51.648184 - val_loss: 0.9781272671859356 (step 4)
2025-09-16T16:55:51.648216 - val_acc: 0.7947214076246334 (step 4)
2025-09-16T16:55:51.648247 - val_f1: 0.7946824871943255 (step 4)
