2025-09-18T07:03:28.516472 - train_loss: 0.5122183207544236 (step 0)
2025-09-18T07:03:28.516549 - train_acc: 75.70690801247635 (step 0)
2025-09-18T07:03:28.516579 - val_loss: 0.5253204810619354 (step 0)
2025-09-18T07:03:28.516602 - val_acc: 0.7599497276916631 (step 0)
2025-09-18T07:03:28.516625 - val_f1: 0.7627151296257958 (step 0)
2025-09-18T07:15:45.760623 - train_loss: 0.37135150976284265 (step 1)
2025-09-18T07:15:45.764258 - train_acc: 84.55795878713504 (step 1)
2025-09-18T07:15:45.764298 - val_loss: 0.455706260005633 (step 1)
2025-09-18T07:15:45.764322 - val_acc: 0.8098031001256808 (step 1)
2025-09-18T07:15:45.764345 - val_f1: 0.8102441273289568 (step 1)
2025-09-18T07:27:15.362187 - train_loss: 0.2898637297642387 (step 2)
2025-09-18T07:27:15.362350 - train_acc: 88.64856573094033 (step 2)
2025-09-18T07:27:15.362385 - val_loss: 0.49171103358268736 (step 2)
2025-09-18T07:27:15.362409 - val_acc: 0.8014243820695434 (step 2)
2025-09-18T07:27:15.362446 - val_f1: 0.8030945439448915 (step 2)
2025-09-18T07:38:33.057773 - train_loss: 0.22175281062064803 (step 3)
2025-09-18T07:38:33.057844 - train_acc: 91.89548499258578 (step 3)
2025-09-18T07:38:33.057871 - val_loss: 0.47541058520476026 (step 3)
2025-09-18T07:38:33.057893 - val_acc: 0.8248847926267281 (step 3)
2025-09-18T07:38:33.057914 - val_f1: 0.8243193132748852 (step 3)
2025-09-18T07:50:40.626530 - train_loss: 0.1664039472671944 (step 4)
2025-09-18T07:50:40.626676 - train_acc: 94.27826353735236 (step 4)
2025-09-18T07:50:40.626710 - val_loss: 0.7805231589078904 (step 4)
2025-09-18T07:50:40.626735 - val_acc: 0.7771260997067448 (step 4)
2025-09-18T07:50:40.626756 - val_f1: 0.7797218011598891 (step 4)
2025-09-18T08:01:46.325954 - train_loss: 0.12585207343472812 (step 5)
2025-09-18T08:01:46.326011 - train_acc: 96.26732116377768 (step 5)
2025-09-18T08:01:46.326037 - val_loss: 0.7577033052841823 (step 5)
2025-09-18T08:01:46.326059 - val_acc: 0.7993297025555091 (step 5)
2025-09-18T08:01:46.326080 - val_f1: 0.8015268599211242 (step 5)
2025-09-18T08:12:54.139811 - train_loss: 0.0597676677580655 (step 6)
2025-09-18T08:12:54.139896 - train_acc: 98.4557958787135 (step 6)
2025-09-18T08:12:54.140080 - val_loss: 0.7603852062424024 (step 6)
2025-09-18T08:12:54.140127 - val_acc: 0.8177628822790113 (step 6)
2025-09-18T08:12:54.140195 - val_f1: 0.8185993525437782 (step 6)
