2025-09-24T15:24:45.832164 - train_loss: 0.616970873443909 (step 0)
2025-09-24T15:24:45.832259 - train_acc: 67.79158357621311 (step 0)
2025-09-24T15:24:45.832298 - val_loss: 0.5403786007563273 (step 0)
2025-09-24T15:24:45.832329 - val_acc: 0.7536656891495601 (step 0)
2025-09-24T15:24:45.832371 - val_f1: 0.7387742473566682 (step 0)
2025-09-24T15:32:02.179927 - train_loss: 0.494588005630409 (step 1)
2025-09-24T15:32:02.184838 - train_acc: 79.79751495628163 (step 1)
2025-09-24T15:32:02.184881 - val_loss: 0.4927015141646067 (step 1)
2025-09-24T15:32:02.184907 - val_acc: 0.7754503560955174 (step 1)
2025-09-24T15:32:02.184930 - val_f1: 0.7702369657497972 (step 1)
2025-09-24T15:39:20.213234 - train_loss: 0.4174390397722425 (step 2)
2025-09-24T15:39:20.213446 - train_acc: 84.23071023163062 (step 2)
2025-09-24T15:39:20.213486 - val_loss: 0.5260877080758413 (step 2)
2025-09-24T15:39:20.213561 - val_acc: 0.7679095098449937 (step 2)
2025-09-24T15:39:20.213607 - val_f1: 0.7705903257036029 (step 2)
2025-09-24T15:46:24.016843 - train_loss: 0.3513477035840742 (step 3)
2025-09-24T15:46:24.016942 - train_acc: 87.6617068057473 (step 3)
2025-09-24T15:46:24.016987 - val_loss: 0.5157661638657252 (step 3)
2025-09-24T15:46:24.017025 - val_acc: 0.7888563049853372 (step 3)
2025-09-24T15:46:24.017073 - val_f1: 0.7904339997682482 (step 3)
2025-09-24T15:53:37.729043 - train_loss: 0.2977598512946975 (step 4)
2025-09-24T15:53:37.729185 - train_acc: 90.12118423071023 (step 4)
2025-09-24T15:53:37.729227 - val_loss: 0.4990711901585261 (step 4)
2025-09-24T15:53:37.729262 - val_acc: 0.8010054461667365 (step 4)
2025-09-24T15:53:37.729295 - val_f1: 0.8009105200933665 (step 4)
2025-09-24T16:01:01.571998 - train_loss: 0.24918817762236775 (step 5)
2025-09-24T16:01:01.572070 - train_acc: 92.39658434320192 (step 5)
2025-09-24T16:01:01.572100 - val_loss: 0.525539820988973 (step 5)
2025-09-24T16:01:01.572125 - val_acc: 0.8035190615835777 (step 5)
2025-09-24T16:01:01.572149 - val_f1: 0.8041515419744888 (step 5)
2025-09-24T16:08:46.288759 - train_loss: 0.19557872367109738 (step 6)
2025-09-24T16:08:46.288921 - train_acc: 94.8969678376029 (step 6)
2025-09-24T16:08:46.288956 - val_loss: 0.5673423076669375 (step 6)
2025-09-24T16:08:46.288980 - val_acc: 0.7947214076246334 (step 6)
2025-09-24T16:08:46.289002 - val_f1: 0.7955261616835215 (step 6)
2025-09-24T16:15:51.874657 - train_loss: 0.18770816957492845 (step 7)
2025-09-24T16:15:51.874742 - train_acc: 95.24978268650611 (step 7)
2025-09-24T16:15:51.874780 - val_loss: 0.5812574875354767 (step 7)
2025-09-24T16:15:51.874814 - val_acc: 0.7943024717218266 (step 7)
2025-09-24T16:15:51.874846 - val_f1: 0.7948984162882031 (step 7)
2025-09-24T16:22:58.813902 - train_loss: 0.18132360028772573 (step 8)
2025-09-24T16:22:58.813978 - train_acc: 95.58725775937005 (step 8)
2025-09-24T16:22:58.814007 - val_loss: 0.5837680586179097 (step 8)
2025-09-24T16:22:58.814033 - val_acc: 0.7968160871386678 (step 8)
2025-09-24T16:22:58.814058 - val_f1: 0.7969853898658009 (step 8)
