2025-09-24T07:18:25.979257 - train_loss: 0.6152471870281337 (step 0)
2025-09-24T07:18:25.979333 - train_acc: 68.28245640946976 (step 0)
2025-09-24T07:18:25.979372 - val_loss: 0.5683480167388916 (step 0)
2025-09-24T07:18:25.979400 - val_acc: 0.7390029325513197 (step 0)
2025-09-24T07:18:25.979422 - val_f1: 0.732808302691084 (step 0)
2025-09-24T07:26:13.568883 - train_loss: 0.5189717246426476 (step 1)
2025-09-24T07:26:13.572801 - train_acc: 77.81357058853608 (step 1)
2025-09-24T07:26:13.572840 - val_loss: 0.5080918570359548 (step 1)
2025-09-24T07:26:13.572865 - val_acc: 0.7838290741516548 (step 1)
2025-09-24T07:26:13.572896 - val_f1: 0.7804095750123781 (step 1)
2025-09-24T07:33:52.214006 - train_loss: 0.4384024257412533 (step 2)
2025-09-24T07:33:52.214238 - train_acc: 82.99841488980927 (step 2)
2025-09-24T07:33:52.214277 - val_loss: 0.4772897849480311 (step 2)
2025-09-24T07:33:52.214300 - val_acc: 0.7997486384583159 (step 2)
2025-09-24T07:33:52.214322 - val_f1: 0.7980733802659599 (step 2)
2025-09-24T07:41:27.778976 - train_loss: 0.3711920265181392 (step 3)
2025-09-24T07:41:27.779176 - train_acc: 86.64416832847574 (step 3)
2025-09-24T07:41:27.779236 - val_loss: 0.5060025729735692 (step 3)
2025-09-24T07:41:27.779275 - val_acc: 0.7968160871386678 (step 3)
2025-09-24T07:41:27.779312 - val_f1: 0.7982296947307134 (step 3)
2025-09-24T07:48:51.820673 - train_loss: 0.3146990521817036 (step 4)
2025-09-24T07:48:51.820767 - train_acc: 89.70701027764994 (step 4)
2025-09-24T07:48:51.820807 - val_loss: 0.5183017822106679 (step 4)
2025-09-24T07:48:51.820842 - val_acc: 0.7905320485965647 (step 4)
2025-09-24T07:48:51.820873 - val_f1: 0.7924826848379737 (step 4)
2025-09-24T07:56:14.708374 - train_loss: 0.2800216003887209 (step 5)
2025-09-24T07:56:14.708446 - train_acc: 91.01089124098789 (step 5)
2025-09-24T07:56:14.708475 - val_loss: 0.5668975696961085 (step 5)
2025-09-24T07:56:14.708508 - val_acc: 0.7754503560955174 (step 5)
2025-09-24T07:56:14.708545 - val_f1: 0.777914065663586 (step 5)
