2025-09-23T05:38:19.749726 - train_loss: 0.5756991280644548 (step 0)
2025-09-23T05:38:19.749858 - train_acc: 72.3781766119548 (step 0)
2025-09-23T05:38:19.749911 - val_loss: 0.5920186704397201 (step 0)
2025-09-23T05:38:19.749947 - val_acc: 0.7394218684541265 (step 0)
2025-09-23T05:38:19.749984 - val_f1: 0.7423948103732543 (step 0)
2025-09-23T05:50:24.971544 - train_loss: 0.42788538497452644 (step 1)
2025-09-23T05:50:24.975874 - train_acc: 83.18760546096027 (step 1)
2025-09-23T05:50:24.975945 - val_loss: 0.5203207931915919 (step 1)
2025-09-23T05:50:24.975973 - val_acc: 0.7733556765814831 (step 1)
2025-09-23T05:50:24.975997 - val_f1: 0.775991471523932 (step 1)
2025-09-23T06:02:17.458386 - train_loss: 0.3457100143765702 (step 2)
2025-09-23T06:02:17.458573 - train_acc: 87.22196655928823 (step 2)
2025-09-23T06:02:17.458608 - val_loss: 0.4628350669145584 (step 2)
2025-09-23T06:02:17.458631 - val_acc: 0.8181818181818182 (step 2)
2025-09-23T06:02:17.458652 - val_f1: 0.8148582702711067 (step 2)
2025-09-23T06:14:23.924453 - train_loss: 0.2851455737075774 (step 3)
2025-09-23T06:14:23.924671 - train_acc: 89.94222017691875 (step 3)
2025-09-23T06:14:23.924735 - val_loss: 0.4940960029760996 (step 3)
2025-09-23T06:14:23.924771 - val_acc: 0.8206954335986594 (step 3)
2025-09-23T06:14:23.924804 - val_f1: 0.8204870992629559 (step 3)
2025-09-23T06:27:52.566066 - train_loss: 0.2353689047854905 (step 4)
2025-09-23T06:27:52.566236 - train_acc: 92.17671421997238 (step 4)
2025-09-23T06:27:52.566272 - val_loss: 0.6024955629309019 (step 4)
2025-09-23T06:27:52.566295 - val_acc: 0.7930456640134059 (step 4)
2025-09-23T06:27:52.566316 - val_f1: 0.795461592746161 (step 4)
2025-09-23T06:39:29.962244 - train_loss: 0.19067274664644324 (step 5)
2025-09-23T06:39:29.962324 - train_acc: 94.05328015544306 (step 5)
2025-09-23T06:39:29.962352 - val_loss: 0.5830975157022477 (step 5)
2025-09-23T06:39:29.962375 - val_acc: 0.8165060745705907 (step 5)
2025-09-23T06:39:29.962400 - val_f1: 0.8179944485649655 (step 5)
2025-09-23T06:51:29.392480 - train_loss: 0.15814979116316713 (step 6)
2025-09-23T06:51:29.392558 - train_acc: 95.38784067085953 (step 6)
2025-09-23T06:51:29.392588 - val_loss: 0.6471947390337786 (step 6)
2025-09-23T06:51:29.392614 - val_acc: 0.8198575617930457 (step 6)
2025-09-23T06:51:29.392639 - val_f1: 0.8199582825243138 (step 6)
