2025-09-23T14:38:38.258975 - train_loss: 0.6213796768897499 (step 0)
2025-09-23T14:38:38.259068 - train_acc: 70.09766324078335 (step 0)
2025-09-23T14:38:38.259107 - val_loss: 0.6491534686088563 (step 0)
2025-09-23T14:38:38.259139 - val_acc: 0.6401340594888982 (step 0)
2025-09-23T14:38:38.259171 - val_f1: 0.6381204497745504 (step 0)
2025-09-23T14:49:41.213870 - train_loss: 0.5233964849433868 (step 1)
2025-09-23T14:49:41.216984 - train_acc: 79.64411719588894 (step 1)
2025-09-23T14:49:41.217038 - val_loss: 0.5477333029111227 (step 1)
2025-09-23T14:49:41.217074 - val_acc: 0.7490573942186846 (step 1)
2025-09-23T14:49:41.217108 - val_f1: 0.7509184943725382 (step 1)
2025-09-23T15:01:09.107928 - train_loss: 0.45845329542370405 (step 2)
2025-09-23T15:01:09.108099 - train_acc: 82.66093981694534 (step 2)
2025-09-23T15:01:09.108137 - val_loss: 0.5333226116498312 (step 2)
2025-09-23T15:01:09.108163 - val_acc: 0.763720150816925 (step 2)
2025-09-23T15:01:09.108186 - val_f1: 0.7664516032825497 (step 2)
2025-09-23T15:12:18.580527 - train_loss: 0.4029804889137059 (step 3)
2025-09-23T15:12:18.581068 - train_acc: 85.3863066932556 (step 3)
2025-09-23T15:12:18.581134 - val_loss: 0.49806959052880606 (step 3)
2025-09-23T15:12:18.581180 - val_acc: 0.7838290741516548 (step 3)
2025-09-23T15:12:18.581224 - val_f1: 0.7829899851864218 (step 3)
2025-09-23T15:23:12.684633 - train_loss: 0.35260690987304927 (step 4)
2025-09-23T15:23:12.684804 - train_acc: 87.38559083704044 (step 4)
2025-09-23T15:23:12.684838 - val_loss: 0.47254091362158457 (step 4)
2025-09-23T15:23:12.684860 - val_acc: 0.8014243820695434 (step 4)
2025-09-23T15:23:12.684881 - val_f1: 0.7979805301999685 (step 4)
2025-09-23T15:34:26.266895 - train_loss: 0.30973514196237706 (step 5)
2025-09-23T15:34:26.267111 - train_acc: 89.27749654855039 (step 5)
2025-09-23T15:34:26.267150 - val_loss: 0.4808167064189911 (step 5)
2025-09-23T15:34:26.267178 - val_acc: 0.8022622538751571 (step 5)
2025-09-23T15:34:26.267213 - val_f1: 0.801623722166856 (step 5)
2025-09-23T15:45:35.195050 - train_loss: 0.27470946841526267 (step 6)
2025-09-23T15:45:35.195253 - train_acc: 90.77056808303932 (step 6)
2025-09-23T15:45:35.195290 - val_loss: 0.4611711166302363 (step 6)
2025-09-23T15:45:35.195317 - val_acc: 0.8148303309593632 (step 6)
2025-09-23T15:45:35.195374 - val_f1: 0.8125956519018732 (step 6)
2025-09-23T15:57:42.207041 - train_loss: 0.2375759893139593 (step 7)
2025-09-23T15:57:42.207261 - train_acc: 92.37101804980314 (step 7)
2025-09-23T15:57:42.207295 - val_loss: 0.520286332766215 (step 7)
2025-09-23T15:57:42.207318 - val_acc: 0.8043569333891915 (step 7)
2025-09-23T15:57:42.207372 - val_f1: 0.805048457589724 (step 7)
2025-09-23T16:08:14.475532 - train_loss: 0.2202319439890143 (step 8)
2025-09-23T16:08:14.475624 - train_acc: 93.11244055836785 (step 8)
2025-09-23T16:08:14.475662 - val_loss: 0.5464546744028728 (step 8)
2025-09-23T16:08:14.475696 - val_acc: 0.8031001256807708 (step 8)
2025-09-23T16:08:14.475730 - val_f1: 0.8038418869484989 (step 8)
2025-09-23T16:18:47.887584 - train_loss: 0.18825266160241333 (step 9)
2025-09-23T16:18:47.887645 - train_acc: 94.40609500434627 (step 9)
2025-09-23T16:18:47.887672 - val_loss: 0.5822158706188202 (step 9)
2025-09-23T16:18:47.887695 - val_acc: 0.7947214076246334 (step 9)
2025-09-23T16:18:47.887718 - val_f1: 0.7963439773767756 (step 9)
