2025-09-24T08:04:54.761629 - train_loss: 0.6152471870281337 (step 0)
2025-09-24T08:04:54.761738 - train_acc: 68.28245640946976 (step 0)
2025-09-24T08:04:54.761786 - val_loss: 0.5683480167388916 (step 0)
2025-09-24T08:04:54.761825 - val_acc: 0.7390029325513197 (step 0)
2025-09-24T08:04:54.761863 - val_f1: 0.732808302691084 (step 0)
2025-09-24T08:12:49.657051 - train_loss: 0.5189717246426476 (step 1)
2025-09-24T08:12:49.662325 - train_acc: 77.81357058853608 (step 1)
2025-09-24T08:12:49.662370 - val_loss: 0.5080918570359548 (step 1)
2025-09-24T08:12:49.662397 - val_acc: 0.7838290741516548 (step 1)
2025-09-24T08:12:49.662421 - val_f1: 0.7804095750123781 (step 1)
2025-09-24T08:20:37.790314 - train_loss: 0.4384024257412533 (step 2)
2025-09-24T08:20:37.790492 - train_acc: 82.99841488980927 (step 2)
2025-09-24T08:20:37.790528 - val_loss: 0.4772897849480311 (step 2)
2025-09-24T08:20:37.790552 - val_acc: 0.7997486384583159 (step 2)
2025-09-24T08:20:37.790574 - val_f1: 0.7980733802659599 (step 2)
2025-09-24T08:28:45.395447 - train_loss: 0.3711920265181392 (step 3)
2025-09-24T08:28:45.395638 - train_acc: 86.64416832847574 (step 3)
2025-09-24T08:28:45.395676 - val_loss: 0.5060025729735692 (step 3)
2025-09-24T08:28:45.395701 - val_acc: 0.7968160871386678 (step 3)
2025-09-24T08:28:45.395724 - val_f1: 0.7982296947307134 (step 3)
2025-09-24T08:36:12.158596 - train_loss: 0.3146990521817036 (step 4)
2025-09-24T08:36:12.158672 - train_acc: 89.70701027764994 (step 4)
2025-09-24T08:36:12.158702 - val_loss: 0.5183017822106679 (step 4)
2025-09-24T08:36:12.158727 - val_acc: 0.7905320485965647 (step 4)
2025-09-24T08:36:12.158750 - val_f1: 0.7924826848379737 (step 4)
2025-09-24T08:43:39.714789 - train_loss: 0.2800216003887209 (step 5)
2025-09-24T08:43:39.714880 - train_acc: 91.01089124098789 (step 5)
2025-09-24T08:43:39.714928 - val_loss: 0.5668975696961085 (step 5)
2025-09-24T08:43:39.714981 - val_acc: 0.7754503560955174 (step 5)
2025-09-24T08:43:39.715016 - val_f1: 0.777914065663586 (step 5)
