2025-09-18T05:43:12.312493 - train_loss: 0.6575946426079944 (step 0)
2025-09-18T05:43:12.312580 - train_acc: 65.03553714782431 (step 0)
2025-09-18T05:43:12.312611 - val_loss: 0.640271189212799 (step 0)
2025-09-18T05:43:12.312646 - val_acc: 0.6761625471302891 (step 0)
2025-09-18T05:43:12.312685 - val_f1: 0.6798966603235783 (step 0)
2025-09-18T05:50:41.320968 - train_loss: 0.5744707786472015 (step 1)
2025-09-18T05:50:41.325139 - train_acc: 76.31027253668763 (step 1)
2025-09-18T05:50:41.325234 - val_loss: 0.5504127434889475 (step 1)
2025-09-18T05:50:41.325268 - val_acc: 0.7775450356095518 (step 1)
2025-09-18T05:50:41.325291 - val_f1: 0.7728679060957063 (step 1)
2025-09-18T05:58:06.593783 - train_loss: 0.4916253110357359 (step 2)
2025-09-18T05:58:06.593956 - train_acc: 82.18029350104821 (step 2)
2025-09-18T05:58:06.593992 - val_loss: 0.5858609982331594 (step 2)
2025-09-18T05:58:06.594018 - val_acc: 0.711772098868873 (step 2)
2025-09-18T05:58:06.594040 - val_f1: 0.7122947948896194 (step 2)
2025-09-18T06:05:17.027923 - train_loss: 0.42149924102172354 (step 3)
2025-09-18T06:05:17.027999 - train_acc: 85.55504422968758 (step 3)
2025-09-18T06:05:17.028025 - val_loss: 0.48902835965156555 (step 3)
2025-09-18T06:05:17.028054 - val_acc: 0.7972350230414746 (step 3)
2025-09-18T06:05:17.028076 - val_f1: 0.7976709642799618 (step 3)
2025-09-18T06:12:33.968134 - train_loss: 0.36518045439342267 (step 4)
2025-09-18T06:12:33.968401 - train_acc: 88.2395050365598 (step 4)
2025-09-18T06:12:33.968455 - val_loss: 0.5115231895446777 (step 4)
2025-09-18T06:12:33.968492 - val_acc: 0.7867616254713029 (step 4)
2025-09-18T06:12:33.968514 - val_f1: 0.7889297162236427 (step 4)
2025-09-18T06:19:44.079647 - train_loss: 0.31326989500838165 (step 5)
2025-09-18T06:19:44.079746 - train_acc: 90.40241345809685 (step 5)
2025-09-18T06:19:44.079876 - val_loss: 0.47655190885066984 (step 5)
2025-09-18T06:19:44.079921 - val_acc: 0.8035190615835777 (step 5)
2025-09-18T06:19:44.079945 - val_f1: 0.8010659013655417 (step 5)
2025-09-18T06:27:03.351323 - train_loss: 0.2804949928951614 (step 6)
2025-09-18T06:27:03.351790 - train_acc: 91.90059825126554 (step 6)
2025-09-18T06:27:03.351844 - val_loss: 0.48697350482145946 (step 6)
2025-09-18T06:27:03.351882 - val_acc: 0.8102220360284876 (step 6)
2025-09-18T06:27:03.351915 - val_f1: 0.8102040835921293 (step 6)
2025-09-18T06:34:59.439556 - train_loss: 0.24762590476646532 (step 7)
2025-09-18T06:34:59.441498 - train_acc: 93.17891292120468 (step 7)
2025-09-18T06:34:59.441550 - val_loss: 0.49751465022563934 (step 7)
2025-09-18T06:34:59.441583 - val_acc: 0.7989107666527021 (step 7)
2025-09-18T06:34:59.441615 - val_f1: 0.7995096589017211 (step 7)
2025-09-18T06:42:05.387007 - train_loss: 0.21460732429294416 (step 8)
2025-09-18T06:42:05.387075 - train_acc: 94.43677455642481 (step 8)
2025-09-18T06:42:05.387104 - val_loss: 0.5208081342776616 (step 8)
2025-09-18T06:42:05.387127 - val_acc: 0.8039379974863846 (step 8)
2025-09-18T06:42:05.387149 - val_f1: 0.8051456457769831 (step 8)
2025-09-18T06:49:09.215045 - train_loss: 0.19732176348128738 (step 9)
2025-09-18T06:49:09.215130 - train_acc: 94.92253413100168 (step 9)
2025-09-18T06:49:09.215188 - val_loss: 0.5328762804468473 (step 9)
2025-09-18T06:49:09.215223 - val_acc: 0.8060326770004189 (step 9)
2025-09-18T06:49:09.215252 - val_f1: 0.8055502983537317 (step 9)
