2025-09-13T08:31:49.059902 - train_loss: 0.6831977476371578 (step 0)
2025-09-13T08:31:49.060313 - train_acc: 57.046430762937206 (step 0)
2025-09-13T08:31:49.060400 - val_loss: 0.6714421095360863 (step 0)
2025-09-13T08:31:49.060438 - val_acc: 0.6074570590699623 (step 0)
2025-09-13T08:31:49.060471 - val_f1: 0.4591153169931954 (step 0)
2025-09-13T08:54:10.973107 - train_loss: 0.6830560284889549 (step 1)
2025-09-13T08:54:10.974169 - train_acc: 57.02597668234813 (step 1)
2025-09-13T08:54:10.974222 - val_loss: 0.6716688674698323 (step 1)
2025-09-13T08:54:10.974257 - val_acc: 0.6074570590699623 (step 1)
2025-09-13T08:54:10.974292 - val_f1: 0.4591153169931954 (step 1)
2025-09-13T09:15:36.787417 - train_loss: 0.6641778095124445 (step 2)
2025-09-13T09:15:36.788156 - train_acc: 61.8735937819595 (step 2)
2025-09-13T09:15:36.788197 - val_loss: 0.6417067499216678 (step 2)
2025-09-13T09:15:36.788231 - val_acc: 0.6644323418516966 (step 2)
2025-09-13T09:15:36.788265 - val_f1: 0.6185076280884961 (step 2)
2025-09-13T09:36:57.324415 - train_loss: 0.6107167464701919 (step 3)
2025-09-13T09:36:57.324979 - train_acc: 70.15749642053589 (step 3)
2025-09-13T09:36:57.325023 - val_loss: 0.6154472747040753 (step 3)
2025-09-13T09:36:57.325056 - val_acc: 0.682865521575199 (step 3)
2025-09-13T09:36:57.325087 - val_f1: 0.6556143974056327 (step 3)
2025-09-13T09:57:53.737857 - train_loss: 0.5674054739787291 (step 4)
2025-09-13T09:57:53.738644 - train_acc: 74.30967478011863 (step 4)
2025-09-13T09:57:53.738690 - val_loss: 0.6224069769558196 (step 4)
2025-09-13T09:57:53.738865 - val_acc: 0.6803519061583577 (step 4)
2025-09-13T09:57:53.738898 - val_f1: 0.6824529230624448 (step 4)
2025-09-13T10:21:06.775415 - train_loss: 0.5050888967843143 (step 5)
2025-09-13T10:21:06.778080 - train_acc: 78.94252403354469 (step 5)
2025-09-13T10:21:06.778295 - val_loss: 0.5314894426408125 (step 5)
2025-09-13T10:21:06.778348 - val_acc: 0.7633012149141182 (step 5)
2025-09-13T10:21:06.778388 - val_f1: 0.7566661242199205 (step 5)
2025-09-13T10:41:56.864951 - train_loss: 0.44974027116666787 (step 6)
2025-09-13T10:41:56.865524 - train_acc: 83.01288607077112 (step 6)
2025-09-13T10:41:56.865567 - val_loss: 0.5192959426685394 (step 6)
2025-09-13T10:41:56.865603 - val_acc: 0.7624633431085044 (step 6)
2025-09-13T10:41:56.865634 - val_f1: 0.76499281514102 (step 6)
2025-09-13T11:05:45.033823 - train_loss: 0.40404284018680364 (step 7)
2025-09-13T11:05:45.034831 - train_acc: 85.23215381468603 (step 7)
2025-09-13T11:05:45.035054 - val_loss: 0.5285824103221621 (step 7)
2025-09-13T11:05:45.035091 - val_acc: 0.757017176372015 (step 7)
2025-09-13T11:05:45.035124 - val_f1: 0.759852245510404 (step 7)
2025-09-13T11:29:05.963878 - train_loss: 0.3654510883481103 (step 8)
2025-09-13T11:29:05.964600 - train_acc: 87.09347514829209 (step 8)
2025-09-13T11:29:05.964660 - val_loss: 0.484016065671416 (step 8)
2025-09-13T11:29:05.964698 - val_acc: 0.7808965228320067 (step 8)
2025-09-13T11:29:05.964734 - val_f1: 0.7810790905150801 (step 8)
2025-09-13T11:51:54.198751 - train_loss: 0.33181551358603506 (step 9)
2025-09-13T11:51:54.199471 - train_acc: 89.05706688484352 (step 9)
2025-09-13T11:51:54.199515 - val_loss: 0.5070964815329068 (step 9)
2025-09-13T11:51:54.199554 - val_acc: 0.7796397151235861 (step 9)
2025-09-13T11:51:54.199584 - val_f1: 0.7809400896551969 (step 9)
