2025-09-24T05:35:46.338037 - train_loss: 0.616970873443909 (step 0)
2025-09-24T05:35:46.338269 - train_acc: 67.79158357621311 (step 0)
2025-09-24T05:35:46.338309 - val_loss: 0.5403786007563273 (step 0)
2025-09-24T05:35:46.338334 - val_acc: 0.7536656891495601 (step 0)
2025-09-24T05:35:46.338357 - val_f1: 0.7387742473566682 (step 0)
2025-09-24T05:43:57.402791 - train_loss: 0.494588005630409 (step 1)
2025-09-24T05:43:57.411523 - train_acc: 79.79751495628163 (step 1)
2025-09-24T05:43:57.411577 - val_loss: 0.4927015141646067 (step 1)
2025-09-24T05:43:57.411607 - val_acc: 0.7754503560955174 (step 1)
2025-09-24T05:43:57.411633 - val_f1: 0.7702369657497972 (step 1)
2025-09-24T05:51:42.315907 - train_loss: 0.4174390397722425 (step 2)
2025-09-24T05:51:42.316119 - train_acc: 84.23071023163062 (step 2)
2025-09-24T05:51:42.316154 - val_loss: 0.5260877080758413 (step 2)
2025-09-24T05:51:42.316180 - val_acc: 0.7679095098449937 (step 2)
2025-09-24T05:51:42.316201 - val_f1: 0.7705903257036029 (step 2)
2025-09-24T05:59:08.671508 - train_loss: 0.3513477035840742 (step 3)
2025-09-24T05:59:08.671579 - train_acc: 87.6617068057473 (step 3)
2025-09-24T05:59:08.671620 - val_loss: 0.5157661638657252 (step 3)
2025-09-24T05:59:08.671654 - val_acc: 0.7888563049853372 (step 3)
2025-09-24T05:59:08.671683 - val_f1: 0.7904339997682482 (step 3)
2025-09-24T06:07:17.662270 - train_loss: 0.2977598512946975 (step 4)
2025-09-24T06:07:17.662452 - train_acc: 90.12118423071023 (step 4)
2025-09-24T06:07:17.662488 - val_loss: 0.4990711901585261 (step 4)
2025-09-24T06:07:17.662513 - val_acc: 0.8010054461667365 (step 4)
2025-09-24T06:07:17.662536 - val_f1: 0.8009105200933665 (step 4)
2025-09-24T06:15:17.494114 - train_loss: 0.24918817762236775 (step 5)
2025-09-24T06:15:17.494272 - train_acc: 92.39658434320192 (step 5)
2025-09-24T06:15:17.494307 - val_loss: 0.525539820988973 (step 5)
2025-09-24T06:15:17.494330 - val_acc: 0.8035190615835777 (step 5)
2025-09-24T06:15:17.494351 - val_f1: 0.8041515419744888 (step 5)
2025-09-24T06:23:39.985646 - train_loss: 0.19557872367109738 (step 6)
2025-09-24T06:23:39.985838 - train_acc: 94.8969678376029 (step 6)
2025-09-24T06:23:39.985881 - val_loss: 0.5673423076669375 (step 6)
2025-09-24T06:23:39.985905 - val_acc: 0.7947214076246334 (step 6)
2025-09-24T06:23:39.985926 - val_f1: 0.7955261616835215 (step 6)
2025-09-24T06:31:11.059143 - train_loss: 0.18770816957492845 (step 7)
2025-09-24T06:31:11.059242 - train_acc: 95.24978268650611 (step 7)
2025-09-24T06:31:11.059285 - val_loss: 0.5812574875354767 (step 7)
2025-09-24T06:31:11.059319 - val_acc: 0.7943024717218266 (step 7)
2025-09-24T06:31:11.059355 - val_f1: 0.7948984162882031 (step 7)
2025-09-24T06:38:42.153568 - train_loss: 0.18132360028772573 (step 8)
2025-09-24T06:38:42.153635 - train_acc: 95.58725775937005 (step 8)
2025-09-24T06:38:42.153661 - val_loss: 0.5837680586179097 (step 8)
2025-09-24T06:38:42.153684 - val_acc: 0.7968160871386678 (step 8)
2025-09-24T06:38:42.153705 - val_f1: 0.7969853898658009 (step 8)
