2025-09-22T13:18:36.491332 - train_loss: 0.6900825952392777 (step 0)
2025-09-22T13:18:36.491419 - train_acc: 55.294779362887965 (step 0)
2025-09-22T13:18:36.491457 - val_loss: 0.6712128114700318 (step 0)
2025-09-22T13:18:36.491490 - val_acc: 0.6074570590699623 (step 0)
2025-09-22T13:18:36.491520 - val_f1: 0.4591153169931954 (step 0)
2025-09-22T13:24:41.349805 - train_loss: 0.6328099951927179 (step 1)
2025-09-22T13:24:41.352477 - train_acc: 68.50743979137904 (step 1)
2025-09-22T13:24:41.352542 - val_loss: 0.6558735318978628 (step 1)
2025-09-22T13:24:41.352585 - val_acc: 0.6619187264348555 (step 1)
2025-09-22T13:24:41.352622 - val_f1: 0.6646911398558534 (step 1)
2025-09-22T13:30:14.719995 - train_loss: 0.5444373079374725 (step 2)
2025-09-22T13:30:14.720226 - train_acc: 76.58127524671472 (step 2)
2025-09-22T13:30:14.720268 - val_loss: 0.5086523266633352 (step 2)
2025-09-22T13:30:14.720295 - val_acc: 0.7779639715123586 (step 2)
2025-09-22T13:30:14.720319 - val_f1: 0.7773417056473939 (step 2)
2025-09-22T13:35:43.866272 - train_loss: 0.450303402771942 (step 3)
2025-09-22T13:35:43.866524 - train_acc: 83.31032366927442 (step 3)
2025-09-22T13:35:43.866572 - val_loss: 0.5095532365640004 (step 3)
2025-09-22T13:35:43.866607 - val_acc: 0.7951403435274403 (step 3)
2025-09-22T13:35:43.866641 - val_f1: 0.796415219486425 (step 3)
2025-09-22T13:41:03.251579 - train_loss: 0.39079345575247715 (step 4)
2025-09-22T13:41:03.251765 - train_acc: 86.76177327811014 (step 4)
2025-09-22T13:41:03.251799 - val_loss: 0.5131469285488128 (step 4)
2025-09-22T13:41:03.251823 - val_acc: 0.802681189777964 (step 4)
2025-09-22T13:41:03.251845 - val_f1: 0.7988544716521466 (step 4)
2025-09-22T13:46:28.799713 - train_loss: 0.34042785818280735 (step 5)
2025-09-22T13:46:28.799932 - train_acc: 89.77859589916653 (step 5)
2025-09-22T13:46:28.799973 - val_loss: 0.5302064446608226 (step 5)
2025-09-22T13:46:28.800002 - val_acc: 0.8068705488060327 (step 5)
2025-09-22T13:46:28.800028 - val_f1: 0.8054707178163363 (step 5)
2025-09-22T13:51:42.906091 - train_loss: 0.300942806807024 (step 6)
2025-09-22T13:51:42.906295 - train_acc: 92.26363961752826 (step 6)
2025-09-22T13:51:42.906334 - val_loss: 0.5672796668608984 (step 6)
2025-09-22T13:51:42.906359 - val_acc: 0.8072894847088395 (step 6)
2025-09-22T13:51:42.906382 - val_f1: 0.8049638006218589 (step 6)
2025-09-22T13:56:37.916541 - train_loss: 0.24797074991016607 (step 7)
2025-09-22T13:56:37.916611 - train_acc: 94.94810042440047 (step 7)
2025-09-22T13:56:37.916641 - val_loss: 0.6350524735450744 (step 7)
2025-09-22T13:56:37.916675 - val_acc: 0.808965228320067 (step 7)
2025-09-22T13:56:37.916696 - val_f1: 0.8092773867151187 (step 7)
2025-09-22T14:01:52.404175 - train_loss: 0.24228428769247984 (step 8)
2025-09-22T14:01:52.404351 - train_acc: 95.33670808406197 (step 8)
2025-09-22T14:01:52.404385 - val_loss: 0.6202936551968257 (step 8)
2025-09-22T14:01:52.404408 - val_acc: 0.8035190615835777 (step 8)
2025-09-22T14:01:52.404447 - val_f1: 0.8026473254167873 (step 8)
2025-09-22T14:06:50.846351 - train_loss: 0.23366495399595866 (step 9)
2025-09-22T14:06:50.846446 - train_acc: 95.80712788259959 (step 9)
2025-09-22T14:06:50.846494 - val_loss: 0.657514761686325 (step 9)
2025-09-22T14:06:50.846551 - val_acc: 0.8022622538751571 (step 9)
2025-09-22T14:06:50.846592 - val_f1: 0.8031264206822194 (step 9)
