2025-09-23T07:21:36.344752 - train_loss: 0.5840106297990465 (step 0)
2025-09-23T07:21:36.344837 - train_acc: 70.020964360587 (step 0)
2025-09-23T07:21:36.344922 - val_loss: 0.7206299977004528 (step 0)
2025-09-23T07:21:36.344957 - val_acc: 0.7159614578969418 (step 0)
2025-09-23T07:21:36.344981 - val_f1: 0.6930809594651979 (step 0)
2025-09-23T07:34:45.039475 - train_loss: 0.4708552759846831 (step 1)
2025-09-23T07:34:45.040182 - train_acc: 81.59738201155596 (step 1)
2025-09-23T07:34:45.040222 - val_loss: 0.6361849859605233 (step 1)
2025-09-23T07:34:45.040246 - val_acc: 0.7980728948470884 (step 1)
2025-09-23T07:34:45.040267 - val_f1: 0.7956916968898496 (step 1)
2025-09-23T07:47:12.524651 - train_loss: 0.38025005519682287 (step 2)
2025-09-23T07:47:12.524865 - train_acc: 87.08902183361457 (step 2)
2025-09-23T07:47:12.524914 - val_loss: 0.6007526837786039 (step 2)
2025-09-23T07:47:12.524946 - val_acc: 0.8072894847088395 (step 2)
2025-09-23T07:47:12.524969 - val_f1: 0.806790035606211 (step 2)
2025-09-23T07:59:31.299896 - train_loss: 0.3008369884143273 (step 3)
2025-09-23T07:59:31.300082 - train_acc: 90.54047144245027 (step 3)
2025-09-23T07:59:31.300117 - val_loss: 0.5464155487219493 (step 3)
2025-09-23T07:59:31.300140 - val_acc: 0.7825722664432342 (step 3)
2025-09-23T07:59:31.300162 - val_f1: 0.7850949272885959 (step 3)
2025-09-23T08:11:17.579414 - train_loss: 0.2307573233798049 (step 4)
2025-09-23T08:11:17.579526 - train_acc: 93.0715344889298 (step 4)
2025-09-23T08:11:17.579567 - val_loss: 0.6736754461439948 (step 4)
2025-09-23T08:11:17.579604 - val_acc: 0.8181818181818182 (step 4)
2025-09-23T08:11:17.579638 - val_f1: 0.8179705632713152 (step 4)
2025-09-23T08:23:57.275986 - train_loss: 0.18041743427588075 (step 5)
2025-09-23T08:23:57.276258 - train_acc: 94.78958940532802 (step 5)
2025-09-23T08:23:57.276318 - val_loss: 0.7131412662069003 (step 5)
2025-09-23T08:23:57.276348 - val_acc: 0.8127356514453289 (step 5)
2025-09-23T08:23:57.276373 - val_f1: 0.8124241704439464 (step 5)
2025-09-23T08:35:37.407442 - train_loss: 0.13391269091516733 (step 6)
2025-09-23T08:35:37.407565 - train_acc: 96.36958633737281 (step 6)
2025-09-23T08:35:37.407680 - val_loss: 0.7386707069476446 (step 6)
2025-09-23T08:35:37.407764 - val_acc: 0.8198575617930457 (step 6)
2025-09-23T08:35:37.407819 - val_f1: 0.8201831888537785 (step 6)
2025-09-23T08:47:25.143454 - train_loss: 0.10213838031308518 (step 7)
2025-09-23T08:47:25.143635 - train_acc: 97.3359922278468 (step 7)
2025-09-23T08:47:25.143670 - val_loss: 0.8672178689638773 (step 7)
2025-09-23T08:47:25.143694 - val_acc: 0.7905320485965647 (step 7)
2025-09-23T08:47:25.143715 - val_f1: 0.7928889466683288 (step 7)
