2025-09-11T21:50:04.859908 - train_loss: 0.6288973045251608 (step 0)
2025-09-11T21:50:04.860120 - train_acc: 67.95868275721007 (step 0)
2025-09-11T21:50:04.860166 - val_loss: 0.5587812918714143 (step 0)
2025-09-11T21:50:04.860196 - val_acc: 0.7306242144951822 (step 0)
2025-09-11T21:50:04.860224 - val_f1: 0.7241371540769754 (step 0)
2025-09-11T22:14:38.815007 - train_loss: 0.5009548363022521 (step 1)
2025-09-11T22:14:38.815706 - train_acc: 78.29822049498875 (step 1)
2025-09-11T22:14:38.815752 - val_loss: 0.48791980840752475 (step 1)
2025-09-11T22:14:38.815789 - val_acc: 0.7800586510263929 (step 1)
2025-09-11T22:14:38.815822 - val_f1: 0.7738933012662979 (step 1)
2025-09-11T22:38:24.655192 - train_loss: 0.3920051567698305 (step 2)
2025-09-11T22:38:24.659078 - train_acc: 84.7514829208427 (step 2)
2025-09-11T22:38:24.659127 - val_loss: 0.46109945127362983 (step 2)
2025-09-11T22:38:24.659163 - val_acc: 0.7984918307498953 (step 2)
2025-09-11T22:38:24.659198 - val_f1: 0.7944535047174837 (step 2)
2025-09-11T23:02:01.985346 - train_loss: 0.29447846968328784 (step 3)
2025-09-11T23:02:01.986144 - train_acc: 89.23092656985068 (step 3)
2025-09-11T23:02:01.986186 - val_loss: 0.4852676473595389 (step 3)
2025-09-11T23:02:01.986220 - val_acc: 0.7938835358190197 (step 3)
2025-09-11T23:02:01.986251 - val_f1: 0.7874425960200426 (step 3)
2025-09-11T23:23:54.619735 - train_loss: 0.21806280222056712 (step 4)
2025-09-11T23:23:54.623166 - train_acc: 92.32971977909592 (step 4)
2025-09-11T23:23:54.623211 - val_loss: 0.5111297319176759 (step 4)
2025-09-11T23:23:54.623247 - val_acc: 0.8043569333891915 (step 4)
2025-09-11T23:23:54.623279 - val_f1: 0.8021832721550138 (step 4)
2025-09-11T23:47:58.622549 - train_loss: 0.15923594781073813 (step 5)
2025-09-11T23:47:58.623348 - train_acc: 94.54898752301084 (step 5)
2025-09-11T23:47:58.623399 - val_loss: 0.6489900553246439 (step 5)
2025-09-11T23:47:58.623434 - val_acc: 0.7725178047758693 (step 5)
2025-09-11T23:47:58.623468 - val_f1: 0.7751733346354485 (step 5)
2025-09-12T00:10:45.611015 - train_loss: 0.11597698441038103 (step 6)
2025-09-12T00:10:45.611978 - train_acc: 96.17508692984251 (step 6)
2025-09-12T00:10:45.612024 - val_loss: 0.6369192386950855 (step 6)
2025-09-12T00:10:45.612059 - val_acc: 0.7875994972769166 (step 6)
2025-09-12T00:10:45.612091 - val_f1: 0.788214861625497 (step 6)
2025-09-12T00:34:26.070638 - train_loss: 0.07965418957173824 (step 7)
2025-09-12T00:34:26.080010 - train_acc: 97.65800777255062 (step 7)
2025-09-12T00:34:26.080063 - val_loss: 0.6567351725592061 (step 7)
2025-09-12T00:34:26.080110 - val_acc: 0.7875994972769166 (step 7)
2025-09-12T00:34:26.080151 - val_f1: 0.7870266703213215 (step 7)
