2025-09-18T01:46:43.350965 - train_loss: 0.636201820878032 (step 0)
2025-09-18T01:46:43.351052 - train_acc: 66.38543743928005 (step 0)
2025-09-18T01:46:43.351092 - val_loss: 0.5799920558929443 (step 0)
2025-09-18T01:46:43.351125 - val_acc: 0.7075827398408043 (step 0)
2025-09-18T01:46:43.351174 - val_f1: 0.7109708715008067 (step 0)
2025-09-18T01:53:57.016456 - train_loss: 0.4965789263544519 (step 1)
2025-09-18T01:53:57.019688 - train_acc: 79.35777470982256 (step 1)
2025-09-18T01:53:57.019727 - val_loss: 0.515449697971344 (step 1)
2025-09-18T01:53:57.019753 - val_acc: 0.763720150816925 (step 1)
2025-09-18T01:53:57.019775 - val_f1: 0.7664222923190736 (step 1)
2025-09-18T02:01:57.320212 - train_loss: 0.3952402538479933 (step 2)
2025-09-18T02:01:57.320393 - train_acc: 84.94145318811678 (step 2)
2025-09-18T02:01:57.320430 - val_loss: 0.48550079902013143 (step 2)
2025-09-18T02:01:57.320456 - val_acc: 0.8018433179723502 (step 2)
2025-09-18T02:01:57.320479 - val_f1: 0.8031984557104727 (step 2)
2025-09-18T02:09:36.318547 - train_loss: 0.32601307877917696 (step 3)
2025-09-18T02:09:36.318707 - train_acc: 88.25995807127883 (step 3)
2025-09-18T02:09:36.318743 - val_loss: 0.5008899005254109 (step 3)
2025-09-18T02:09:36.318767 - val_acc: 0.8047758692919983 (step 3)
2025-09-18T02:09:36.318789 - val_f1: 0.8032404808449197 (step 3)
2025-09-18T02:16:41.089408 - train_loss: 0.2708163036800483 (step 4)
2025-09-18T02:16:41.089478 - train_acc: 90.88817303267372 (step 4)
2025-09-18T02:16:41.089511 - val_loss: 0.5170957562327385 (step 4)
2025-09-18T02:16:41.089539 - val_acc: 0.8127356514453289 (step 4)
2025-09-18T02:16:41.089565 - val_f1: 0.8101316906358909 (step 4)
2025-09-18T02:23:58.587725 - train_loss: 0.225203132378607 (step 5)
2025-09-18T02:23:58.587888 - train_acc: 92.87723065909904 (step 5)
2025-09-18T02:23:58.587923 - val_loss: 0.5536172934869925 (step 5)
2025-09-18T02:23:58.587947 - val_acc: 0.815668202764977 (step 5)
2025-09-18T02:23:58.587969 - val_f1: 0.8121229450210561 (step 5)
2025-09-18T02:31:17.328353 - train_loss: 0.1873601525656733 (step 6)
2025-09-18T02:31:17.328470 - train_acc: 94.36518893490822 (step 6)
2025-09-18T02:31:17.328515 - val_loss: 0.6304043352603912 (step 6)
2025-09-18T02:31:17.328550 - val_acc: 0.8098031001256808 (step 6)
2025-09-18T02:31:17.328582 - val_f1: 0.8074017789073722 (step 6)
2025-09-18T02:38:14.953001 - train_loss: 0.14477282755831683 (step 7)
2025-09-18T02:38:14.953065 - train_acc: 96.23664161169914 (step 7)
2025-09-18T02:38:14.953094 - val_loss: 0.6326710925499598 (step 7)
2025-09-18T02:38:14.953138 - val_acc: 0.8068705488060327 (step 7)
2025-09-18T02:38:14.953183 - val_f1: 0.8083869108546546 (step 7)
2025-09-18T02:45:15.739743 - train_loss: 0.13525703728345095 (step 8)
2025-09-18T02:45:15.739809 - train_acc: 96.65081556475943 (step 8)
2025-09-18T02:45:15.739836 - val_loss: 0.6414060394714276 (step 8)
2025-09-18T02:45:15.739859 - val_acc: 0.8081273565144533 (step 8)
2025-09-18T02:45:15.739880 - val_f1: 0.8083733611686045 (step 8)
2025-09-18T02:52:14.975435 - train_loss: 0.12834140440461292 (step 9)
2025-09-18T02:52:14.975502 - train_acc: 96.85534591194968 (step 9)
2025-09-18T02:52:14.975529 - val_loss: 0.6480046484867732 (step 9)
2025-09-18T02:52:14.975552 - val_acc: 0.8093841642228738 (step 9)
2025-09-18T02:52:14.975573 - val_f1: 0.8100279910937449 (step 9)
