2025-09-12T01:15:55.796456 - train_loss: 0.6288973045251608 (step 0)
2025-09-12T01:15:55.796554 - train_acc: 67.95868275721007 (step 0)
2025-09-12T01:15:55.796594 - val_loss: 0.5587812918714143 (step 0)
2025-09-12T01:15:55.796628 - val_acc: 0.7306242144951822 (step 0)
2025-09-12T01:15:55.796656 - val_f1: 0.7241371540769754 (step 0)
2025-09-12T01:41:04.868927 - train_loss: 0.5009548363022521 (step 1)
2025-09-12T01:41:04.869925 - train_acc: 78.29822049498875 (step 1)
2025-09-12T01:41:04.869968 - val_loss: 0.48791980840752475 (step 1)
2025-09-12T01:41:04.870002 - val_acc: 0.7800586510263929 (step 1)
2025-09-12T01:41:04.870038 - val_f1: 0.7738933012662979 (step 1)
2025-09-12T02:04:26.737606 - train_loss: 0.3920051567698305 (step 2)
2025-09-12T02:04:26.738271 - train_acc: 84.7514829208427 (step 2)
2025-09-12T02:04:26.738318 - val_loss: 0.46109945127362983 (step 2)
2025-09-12T02:04:26.738356 - val_acc: 0.7984918307498953 (step 2)
2025-09-12T02:04:26.738386 - val_f1: 0.7944535047174837 (step 2)
2025-09-12T02:28:07.007834 - train_loss: 0.29447846968328784 (step 3)
2025-09-12T02:28:07.008498 - train_acc: 89.23092656985068 (step 3)
2025-09-12T02:28:07.008542 - val_loss: 0.4852676473595389 (step 3)
2025-09-12T02:28:07.008741 - val_acc: 0.7938835358190197 (step 3)
2025-09-12T02:28:07.008774 - val_f1: 0.7874425960200426 (step 3)
2025-09-12T02:53:46.479058 - train_loss: 0.21806280222056712 (step 4)
2025-09-12T02:53:46.479876 - train_acc: 92.32971977909592 (step 4)
2025-09-12T02:53:46.479925 - val_loss: 0.5111297319176759 (step 4)
2025-09-12T02:53:46.479961 - val_acc: 0.8043569333891915 (step 4)
2025-09-12T02:53:46.479994 - val_f1: 0.8021832721550138 (step 4)
2025-09-12T03:16:46.754638 - train_loss: 0.15923594781073813 (step 5)
2025-09-12T03:16:46.755554 - train_acc: 94.54898752301084 (step 5)
2025-09-12T03:16:46.755599 - val_loss: 0.6489900553246439 (step 5)
2025-09-12T03:16:46.755635 - val_acc: 0.7725178047758693 (step 5)
2025-09-12T03:16:46.755666 - val_f1: 0.7751733346354485 (step 5)
2025-09-12T03:41:37.358128 - train_loss: 0.11597698441038103 (step 6)
2025-09-12T03:41:37.358665 - train_acc: 96.17508692984251 (step 6)
2025-09-12T03:41:37.358719 - val_loss: 0.6369192386950855 (step 6)
2025-09-12T03:41:37.358759 - val_acc: 0.7875994972769166 (step 6)
2025-09-12T03:41:37.358794 - val_f1: 0.788214861625497 (step 6)
2025-09-12T04:04:14.038437 - train_loss: 0.07965418957173824 (step 7)
2025-09-12T04:04:14.040194 - train_acc: 97.65800777255062 (step 7)
2025-09-12T04:04:14.040235 - val_loss: 0.6567351725592061 (step 7)
2025-09-12T04:04:14.040268 - val_acc: 0.7875994972769166 (step 7)
2025-09-12T04:04:14.040299 - val_f1: 0.7870266703213215 (step 7)
