2025-09-17T16:41:14.191063 - train_loss: 0.600192588604301 (step 0)
2025-09-17T16:41:14.191351 - train_acc: 71.53960218847472 (step 0)
2025-09-17T16:41:14.191390 - val_loss: 0.5622007692338631 (step 0)
2025-09-17T16:41:14.191422 - val_acc: 0.7197318810222036 (step 0)
2025-09-17T16:41:14.191450 - val_f1: 0.7182978172884261 (step 0)
2025-09-17T17:15:04.481644 - train_loss: 0.49600625279490934 (step 1)
2025-09-17T17:15:04.482034 - train_acc: 78.36580252594979 (step 1)
2025-09-17T17:15:04.482081 - val_loss: 0.5984665093114943 (step 1)
2025-09-17T17:15:04.482120 - val_acc: 0.7071638039379975 (step 1)
2025-09-17T17:15:04.482151 - val_f1: 0.7097564841312517 (step 1)
2025-09-17T17:46:54.419265 - train_loss: 0.4516094263071663 (step 2)
2025-09-17T17:46:54.420152 - train_acc: 80.8150534335532 (step 2)
2025-09-17T17:46:54.420196 - val_loss: 0.562723785015851 (step 2)
2025-09-17T17:46:54.420229 - val_acc: 0.757017176372015 (step 2)
2025-09-17T17:46:54.420260 - val_f1: 0.7592389699066204 (step 2)
2025-09-17T18:19:13.802838 - train_loss: 0.40928311687122826 (step 3)
2025-09-17T18:19:13.805356 - train_acc: 83.36656951475175 (step 3)
2025-09-17T18:19:13.805409 - val_loss: 0.591194825577098 (step 3)
2025-09-17T18:19:13.805445 - val_acc: 0.7620444072056975 (step 3)
2025-09-17T18:19:13.805479 - val_f1: 0.7648118013199805 (step 3)
2025-09-17T18:52:15.760772 - train_loss: 0.36398014837156045 (step 4)
2025-09-17T18:52:15.762124 - train_acc: 86.04591706294421 (step 4)
2025-09-17T18:52:15.762170 - val_loss: 0.6799219149884372 (step 4)
2025-09-17T18:52:15.762211 - val_acc: 0.7490573942186846 (step 4)
2025-09-17T18:52:15.762250 - val_f1: 0.7518636148735641 (step 4)
2025-09-17T19:24:17.462576 - train_loss: 0.3152005074915223 (step 5)
2025-09-17T19:24:17.463302 - train_acc: 88.34177021015493 (step 5)
2025-09-17T19:24:17.463357 - val_loss: 0.640375792519205 (step 5)
2025-09-17T19:24:17.463393 - val_acc: 0.7750314201927105 (step 5)
2025-09-17T19:24:17.463426 - val_f1: 0.7774270577261512 (step 5)
2025-09-17T19:58:42.252525 - train_loss: 0.3031629157075487 (step 6)
2025-09-17T19:58:42.253167 - train_acc: 88.94002147568645 (step 6)
2025-09-17T19:58:42.253221 - val_loss: 0.6585679388165873 (step 6)
2025-09-17T19:58:42.253265 - val_acc: 0.7712609970674487 (step 6)
2025-09-17T19:58:42.253306 - val_f1: 0.7738347297618151 (step 6)
2025-09-17T20:38:50.876979 - train_loss: 0.2919776291752154 (step 7)
2025-09-17T20:38:50.877523 - train_acc: 89.58429206933579 (step 7)
2025-09-17T20:38:50.877565 - val_loss: 0.6667930901324669 (step 7)
2025-09-17T20:38:50.877743 - val_acc: 0.7741935483870968 (step 7)
2025-09-17T20:38:50.877773 - val_f1: 0.7767135173067004 (step 7)
